// Jest Snapshot v1, https://goo.gl/fbAQLP

exports[`DottedLine component renders 1`] = `
<View
  accessible={true}
  focusable={true}
  onClick={[Function]}
  onResponderGrant={[Function]}
  onResponderMove={[Function]}
  onResponderRelease={[Function]}
  onResponderTerminate={[Function]}
  onResponderTerminationRequest={[Function]}
  onStartShouldSetResponder={[Function]}
>
  <View
    style={
      Object {
        "alignItems": "center",
        "backfaceVisibility": "hidden",
        "justifyContent": "center",
        "opacity": 90,
        "transform": Array [
          Object {
            "rotateY": "0deg",
          },
        ],
      }
    }
  >
    <View
      style={
        Object {
          "borderColor": "transparent",
          "borderWidth": 4,
          "height": 296,
          "padding": 4,
          "width": 250,
        }
      }
    >
      <View
        style={
          Object {
            "alignItems": "center",
            "backgroundColor": "#fff",
            "borderColor": "#fff",
            "borderRadius": 8,
            "borderWidth": 4,
            "flex": 1,
            "justifyContent": "center",
            "padding": 8,
          }
        }
      >
        <Text
          style={
            Object {
              "color": "#000",
              "fontSize": 24,
            }
          }
        >
          text
        </Text>
      </View>
    </View>
  </View>
  <View
    style={
      Object {
        "alignItems": "center",
        "backfaceVisibility": "hidden",
        "justifyContent": "center",
        "opacity": -89,
        "position": "absolute",
        "top": 0,
        "transform": Array [
          Object {
            "rotateY": "180deg",
          },
        ],
      }
    }
  >
    <View
      style={
        Object {
          "borderColor": "transparent",
          "borderWidth": 4,
          "height": 296,
          "padding": 4,
          "width": 250,
        }
      }
    >
      <View
        style={
          Object {
            "alignItems": "center",
            "backgroundColor": "#4AA2EE",
            "borderColor": "#fff",
            "borderRadius": 8,
            "borderWidth": 4,
            "flex": 1,
            "justifyContent": "center",
            "padding": 8,
          }
        }
      >
        <Text
          style={
            Object {
              "color": "#fff",
              "fontSize": 32,
              "fontWeight": "bold",
            }
          }
        >
          ?
        </Text>
      </View>
    </View>
  </View>
</View>
`;
